<html>
<body>
<pre>
<h1>礦ision Build Log</h1>
<h2>Tool Versions:</h2>
IDE-Version: μVision V5.20.0.0
Copyright (C) 2016 ARM Ltd and ARM Germany GmbH. All rights reserved.
License Information: CH Lee, LEE, LIC=14HJJ-UFWNA-I58TC-797AC-JSC4K-QWYBE
 
Tool Versions:
Toolchain:       MDK-ARM Plus  Version: 5.20
Toolchain Path:  C:\Keil_v5\ARM\ARMCC\Bin
C Compiler:      Armcc.exe V5.06 update 2 (build 183)
Assembler:       Armasm.exe V5.06 update 2 (build 183)
Linker/Locator:  ArmLink.exe V5.06 update 2 (build 183)
Library Manager: ArmAr.exe V5.06 update 2 (build 183)
Hex Converter:   FromElf.exe V5.06 update 2 (build 183)
CPU DLL:         SARMCM3.DLL V5.20
Dialog DLL:      DCM.DLL V1.13.7.0
Target DLL:      Segger\JL2CM3.dll V2.99.20.0
Dialog DLL:      TCM.DLL V1.14.9.0
 
<h2>Project:</h2>
C:\Users\Lee\Desktop\1514050302-李梓涵-光照感应红外发射\光照感应控制红外发送\USER\lightRED.uvprojx
Project File Date:  06/11/2018

<h2>Output:</h2>
*** Using Compiler 'V5.06 update 2 (build 183)', folder: 'C:\Keil_v5\ARM\ARMCC\Bin'
Rebuild target 'Target 1'
assembling STM32F10x.s...
compiling main.c...
main.c(22): warning:  #550-D: variable "adcx" was set but never used
  	float adcx ;
main.c(25): warning:  #177-D: variable "key" was declared but never referenced
  	int key,a,b;
main.c(25): warning:  #177-D: variable "a" was declared but never referenced
  	int key,a,b;
main.c(25): warning:  #177-D: variable "b" was declared but never referenced
  	int key,a,b;
main.c: 4 warnings, 0 errors
compiling adc.c...
compiling exti.c...
compiling led.c...
compiling usart.c...
compiling delay.c...
compiling sys.c...
linking...
Program Size: Code=7924 RO-data=332 RW-data=32 ZI-data=608  
".\Objects\lightRED.axf" - 0 Error(s), 4 Warning(s).

<h2>Collection of Component include folders:</h2>
  C:\Users\Lee\Desktop\1514050302-李梓涵-光照感应红外发射\光照感应控制红外发送\USER\RTE
  C:\Keil_v5\ARM\PACK\Keil\STM32F1xx_DFP\2.2.0\Device\Include

<h2>Collection of Component Files used:</h2>
Build Time Elapsed:  00:00:02
</pre>
</body>
</html>
